2025-10-11 10:07:40,651 DEBUG    root            Loaded Command Group: ['gcloud', 'config']
2025-10-11 10:07:40,692 DEBUG    root            Loaded Command Group: ['gcloud', 'config', 'config_helper']
2025-10-11 10:07:40,695 DEBUG    root            Running [gcloud.config.config-helper] with arguments: [--format: "json", --min-expiry: "1800"]
2025-10-11 10:07:41,174 DEBUG    google.auth.transport.requests Making request: GET http://metadata.google.internal/computeMetadata/v1/instance/service-accounts/389488056915-compute@developer.gserviceaccount.com/?recursive=true
2025-10-11 10:07:41,197 DEBUG    urllib3.connectionpool Starting new HTTP connection (1): metadata.google.internal:80
2025-10-11 10:07:41,199 DEBUG    urllib3.connectionpool http://metadata.google.internal:80 "GET /computeMetadata/v1/instance/service-accounts/389488056915-compute@developer.gserviceaccount.com/?recursive=true HTTP/11" 200 155
2025-10-11 10:07:41,243 DEBUG    google.auth.transport.requests Making request: GET http://metadata.google.internal/computeMetadata/v1/instance/service-accounts/389488056915-compute@developer.gserviceaccount.com/token
2025-10-11 10:07:41,261 DEBUG    urllib3.connectionpool http://metadata.google.internal:80 "GET /computeMetadata/v1/instance/service-accounts/389488056915-compute@developer.gserviceaccount.com/token HTTP/11" 200 870
2025-10-11 10:07:41,276 DEBUG    root            Chosen display Format:default json
2025-10-11 10:07:41,276 INFO     root            Display format: "default json"
2025-10-11 10:07:41,439 INFO     ___FILE_ONLY___ {
  "configuration": {
    "active_configuration": "default",
    "properties": {
      "compute": {
        "region": "us-central1"
      },
      "core": {
        "account": "389488056915-compute@developer.gserviceaccount.com",
        "disable_usage_reporting": "True",
        "project": "nifty-harmony-474217-q6"
      },
      "dataproc": {
        "region": "us-central1"
      }
    }
  },
  "credential": {
    "access_token": "ya29.c.c0ASRK0GbJmCjiTTbowoe3XGitg7rC7QCIG0RQMXEx8lhSWTZ6L0DvleaMxB3CILigTHm-QlrBTFWntEliJ231njMPSCXlZ80Yi-nVMTlkQnAMmgJc7nF6_zCNWKSiWKQjb4zMSfmaHFrR8wKccu0NM7LL0CSwqsZo1fJhfP63Eu7S0UDW3j2mOKtvVS6JwuF2uw5rDAtH7MHEA82XPJH1RruGC5YRxsjd9wWJlRQTzeQWt8Jp8rSBL5FimqI58jwgaBY2WQdzBd_Rmu29gX1c7Q-vc4f23e7S9UomjD_RHiytrK39ivPhTPnrIlEGyno50k4UPqBvemWGj4MxShvf_cylfJAGvf15Tu6DddFFth5z4juap0SESGPgVVcTMgxedmQPmp12woRs6fwDixp9G413AoBMMuB3ZgzSQ85biey3IU282X3lv_vkcXyQ6_-Z9rvvvXO5bukIZdvf0qbUbse7awY1pIZbv6u0d3l1uUBMWfgB7vXRnYO9dcMWxiipaF3VI3Bz-qooyoeJz15I-Xe5ltgicIOFhJyFI3VBea735y9ZQd78QQxZRVI-uXWZs7iv5x_2h_u1S2ae7al0kf3ee8xgyzmSJ2hSFhOS3l5OzkZwZUXs965ipcijsneZcxkIvqoS7wYdskORO-ceFgi5xgiI_wOf12sI648xu52lwYWRUnjcSRZB70Z0eI8vVezau17XvVRyrb9OUQvziWexIx8wwq1IBMaYxz7k_RnyiksuuF8x5k75Slf2oScrvUMwVn1sQF9njbbvw-UgvzUp5vrrkqhxf2cSB0M1e-zxJB9_eZm3X7jnMWpvVdFW7w_nJ_sh50cbh54svjry8vddrvmde6ZXOI58ncuvxp3byrclvhIMJ8Jokej85FavSrIW3Rkyb71dcjykgM2BMY-d1M1kWl8b-qaU1-ZYVhh6bdwccw9bMIhh53S-qSVl2asR41rwphFy7185B5otswiZv2w-Fhgm7B4asMYlXo2g9vdXki1zSSR",
    "id_token": "eyJhbGciOiJSUzI1NiIsImtpZCI6ImM4YWI3MTUzMDk3MmJiYTIwYjQ5Zjc4YTA5Yzk4NTJjNDNmZjkxMTgiLCJ0eXAiOiJKV1QifQ.eyJhdWQiOiIzMjU1NTk0MDU1OS5hcHBzLmdvb2dsZXVzZXJjb250ZW50LmNvbSIsImF6cCI6IjEwOTAyMTMxNDgwODYxNjI2NzEwOSIsImV4cCI6MTc2MDE4MDg2MSwiaWF0IjoxNzYwMTc3MjYxLCJpc3MiOiJodHRwczovL2FjY291bnRzLmdvb2dsZS5jb20iLCJzdWIiOiIxMDkwMjEzMTQ4MDg2MTYyNjcxMDkifQ.nIp5tsUCMQwXmCXB5kCrLK8wo1aZqx5PAMtqxFiu9er-QCUhW2tcbiVWO7DlK0NVKynRVn-DLiQfJW9W3xKMmbn6P8BmUzXyx-PNODlS5cnGzXicLEBekreDwO-9nqQl3oBLI_tjlIn68zWLO__PnDoVk_bnt7ZrOi0cMmA-I0InabWesmK9F678SOQ_P3ar2u6lmu7uw5gyBTZR0mOHfhMG-_7YuYx_96qeUQ0cieMF5d6ANSGvhtQ0W4F6MdqNkUxIdsc_g9_FU31mFN1UVldk1pgPVixf0qXhdUWdAzIC8qGjpoqrBnkfGGg3UYkSKxhcnrW_3CL7EcLGz-V4wQ",
    "token_expiry": "2025-10-11T11:07:40Z"
  },
  "sentinels": {
    "config_sentinel": "/home/jupyter/.config/gcloud/config_sentinel"
  }
}
2025-10-11 10:07:41,439 INFO     ___FILE_ONLY___ 

2025-10-11 10:07:41,448 DEBUG    root            SDK update checks are disabled.
